00000000
[
08800014
0000081c
00000001
]
00000001
[
08800014
0000081c
00000002
]
00000002
[
08800014
0000081c
00000003
]
00000003


00000003
[
08800010
00000860
00000001
]
00000002
[
08800010
00000860
00000002
]
00000001
[
08800010
00000860
00000003
]
00000000


00000000
[
08800014
000008ac
00000001
]
00000001
00000002
[
08800014
000008c4
00000003
]
00000003


00000003
[
08800010
00000900
00000001
]
00000002
00000002
[
08800010
00000920
00000003
]
00000001
