00000010
fffffff6
00000014
fffffff7
00000018
fffffff8
0000001c
fffffff9
00000020
fffffffa
00000024
fffffffb
00000028
fffffffc
0000002c
fffffffd
00000030
fffffffe
00000034
ffffffff
00000038
00000000
0000003c
00000001
00000040
00000002
00000044
00000003
00000048
00000004
0000004c
00000005
00000050
00000006
00000054
00000007
00000058
00000008
0000005c
00000009
00000060
